
[2015-04-12 09:21:00] Traceback (most recent call last):

  File "C:/prj/pytigon/ext_lib\django\db\backends\utils.py", line 64, in execute
    return self.cursor.execute(sql, params)

  File "C:/prj/pytigon/ext_lib\django\db\backends\sqlite3\base.py", line 318, in execute
    return Database.Cursor.execute(self, query, params)

sqlite3.OperationalError: no such table: wiki_page


The above exception was the direct cause of the following exception:


Traceback (most recent call last):

  File "C:\prj\pytigon\schcli\guiframe\appframe.py", line 838, in on_command
    return self._on_html(cmd[2])

  File "C:\prj\pytigon\schcli\guiframe\appframe.py", line 821, in _on_html
    self.new_main_page(l[1], l[0], parm, panel)

  File "C:\prj\pytigon\schcli\guiframe\appframe.py", line 654, in new_main_page
    return okno.new_child_page(address_or_parser, None, parametry)

  File "C:\prj\pytigon\schcli\guiframe\appnotebookpage.py", line 305, in new_child_page
    h = htmlsash.SchSashWindow(self, address_or_parser, parametry)

  File "C:\prj\pytigon\schcli\guiframe\htmlsash.py", line 78, in __init__
    mp = self._read_html(address_or_parser, parameters)

  File "C:\prj\pytigon\schcli\guiframe\htmlsash.py", line 256, in _read_html
    mp, adr = wx.GetApp().read_html(self, address_or_parser, parameters)

  File "C:/prj/pytigon/pytigon.py", line 319, in read_html
    (err, url) = http.get(win, adr)

  File "C:\prj\pytigon\schlib\schhttptools\httpclient.py", line 386, in get
    ret = HttpClient.get(self, parent, address_str, parm, nullpost, user_agent, upload, credentials=credentials)

  File "C:\prj\pytigon\schlib\schhttptools\httpclient.py", line 266, in get
    (resp, self.contents) = self.http.request(str(adr), "GET", headers=headers)

  File "C:/prj/pytigon/ext_lib\httplib2\__init__.py", line 1273, in request
    (response, content) = self._request(conn, authority, uri, request_uri, method, body, headers, redirections, cachekey)

  File "C:/prj/pytigon/ext_lib\httplib2\__init__.py", line 1027, in _request
    (response, content) = self._conn_request(conn, request_uri, method, body, headers)

  File "C:/prj/pytigon/ext_lib\httplib2\__init__.py", line 993, in _conn_request
    response = conn.getresponse()

  File "C:\Program Files\Python 3.5\lib\http\client.py", line 1112, in getresponse
    response = self.response_class(self.sock, method=self._method)

  File "C:\Program Files\Python 3.5\lib\http\client.py", line 184, in __init__
    self.fp = sock.makefile("rb")

  File "C:/prj/pytigon/ext_lib_cli_win\wsgi_intercept\__init__.py", line 364, in makefile
    app_result = self.app(environ, start_response)

  File "C:/prj/pytigon/ext_lib\django\core\handlers\wsgi.py", line 177, in __call__
    response = self.get_response(request)

  File "C:/prj/pytigon/ext_lib\django\core\handlers\base.py", line 131, in get_response
    response = wrapped_callback(request, *callback_args, **callback_kwargs)

  File "C:\prj\pytigon\app_pack\schwebtrapper/..\schwiki\wiki\views.py", line 58, in view_page
    page = Page.objects.get(name=page_name, subject=subject)

  File "C:/prj/pytigon/ext_lib\django\db\models\manager.py", line 127, in manager_method
    return getattr(self.get_queryset(), name)(*args, **kwargs)

  File "C:/prj/pytigon/ext_lib\django\db\models\query.py", line 381, in get
    num = len(clone)

  File "C:/prj/pytigon/ext_lib\django\db\models\query.py", line 240, in __len__
    self._fetch_all()

  File "C:/prj/pytigon/ext_lib\django\db\models\query.py", line 1061, in _fetch_all
    self._result_cache = list(self.iterator())

  File "C:/prj/pytigon/ext_lib\django\db\models\query.py", line 52, in __iter__
    results = compiler.execute_sql()

  File "C:/prj/pytigon/ext_lib\django\db\models\sql\compiler.py", line 827, in execute_sql
    cursor.execute(sql, params)

  File "C:/prj/pytigon/ext_lib\django\db\backends\utils.py", line 79, in execute
    return super(CursorDebugWrapper, self).execute(sql, params)

  File "C:/prj/pytigon/ext_lib\django\db\backends\utils.py", line 64, in execute
    return self.cursor.execute(sql, params)

  File "C:/prj/pytigon/ext_lib\django\db\utils.py", line 95, in __exit__
    six.reraise(dj_exc_type, dj_exc_value, traceback)

  File "C:/prj/pytigon/ext_lib\django\utils\six.py", line 658, in reraise
    raise value.with_traceback(tb)

  File "C:/prj/pytigon/ext_lib\django\db\backends\utils.py", line 64, in execute
    return self.cursor.execute(sql, params)

  File "C:/prj/pytigon/ext_lib\django\db\backends\sqlite3\base.py", line 318, in execute
    return Database.Cursor.execute(self, query, params)

django.db.utils.OperationalError: no such table: wiki_page


[2015-04-12 09:48:13] Traceback (most recent call last):

  File "C:/prj/pytigon/pytigon.py", line 945, in <module>
    main()

  File "C:/prj/pytigon/pytigon.py", line 916, in main
    pos()

  File "C:/prj/pytigon/schappdata\schplugins\standard\webview\cef\__init__.py", line 66, in cef_shutdown
    TIMER.Stop()

AttributeError: 'NoneType' object has no attribute 'Stop'


[2015-04-12 09:48:37] Traceback (most recent call last):

TypeError: on_timer() missing 1 required positional argument: 'event'


[2015-04-12 10:09:25] Traceback (most recent call last):

  File "C:\prj\pytigon\schcli\guiframe\appframe.py", line 856, in on_command
    win = wx.GetApp().GetTopWindow().new_main_page("^standard/webview/widget_web.html", "Empty page")

  File "C:\prj\pytigon\schcli\guiframe\appframe.py", line 654, in new_main_page
    return okno.new_child_page(address_or_parser, None, parametry)

  File "C:\prj\pytigon\schcli\guiframe\appnotebookpage.py", line 320, in new_child_page
    h.init_frame()

  File "C:\prj\pytigon\schcli\guiframe\htmlsash.py", line 344, in init_frame
    self.Body.init_page()

  File "C:\prj\pytigon\schcli\guiframe\htmlwin.py", line 893, in init_page
    self.init_form()

  File "<string>", line 6, in init_form

AttributeError: 'SchHtmlWindow' object has no attribute 'WEB'


[2015-04-12 10:11:17] Traceback (most recent call last):

  File "C:\prj\pytigon\schcli\guiframe\appframe.py", line 856, in on_command
    win = wx.GetApp().GetTopWindow().new_main_page("^standard/webview/widget_web.html", "Empty page")

  File "C:\prj\pytigon\schcli\guiframe\appframe.py", line 654, in new_main_page
    return okno.new_child_page(address_or_parser, None, parametry)

  File "C:\prj\pytigon\schcli\guiframe\appnotebookpage.py", line 320, in new_child_page
    h.init_frame()

  File "C:\prj\pytigon\schcli\guiframe\htmlsash.py", line 344, in init_frame
    self.Body.init_page()

  File "C:\prj\pytigon\schcli\guiframe\htmlwin.py", line 893, in init_page
    self.init_form()

  File "<string>", line 6, in init_form

AttributeError: 'SchHtmlWindow' object has no attribute 'WEB'


[2015-04-12 11:11:03] Traceback (most recent call last):

  File "C:\prj\pytigon\schcli\guiframe\appframe.py", line 856, in on_command
    win = wx.GetApp().GetTopWindow().new_main_page("^standard/webview/widget_web.html", "Empty page")

  File "C:\prj\pytigon\schcli\guiframe\appframe.py", line 654, in new_main_page
    return okno.new_child_page(address_or_parser, None, parametry)

  File "C:\prj\pytigon\schcli\guiframe\appnotebookpage.py", line 320, in new_child_page
    h.init_frame()

  File "C:\prj\pytigon\schcli\guiframe\htmlsash.py", line 344, in init_frame
    self.Body.init_page()

  File "C:\prj\pytigon\schcli\guiframe\htmlwin.py", line 893, in init_page
    self.init_form()

  File "<string>", line 6, in init_form

AttributeError: 'SchHtmlWindow' object has no attribute 'WEB'


[2015-04-12 11:13:04] Traceback (most recent call last):

  File "C:\prj\pytigon\schcli\guiframe\appframe.py", line 856, in on_command
    win = wx.GetApp().GetTopWindow().new_main_page("^standard/webview/widget_web.html", "Empty page")

  File "C:\prj\pytigon\schcli\guiframe\appframe.py", line 654, in new_main_page
    return okno.new_child_page(address_or_parser, None, parametry)

  File "C:\prj\pytigon\schcli\guiframe\appnotebookpage.py", line 320, in new_child_page
    h.init_frame()

  File "C:\prj\pytigon\schcli\guiframe\htmlsash.py", line 344, in init_frame
    self.Body.init_page()

  File "C:\prj\pytigon\schcli\guiframe\htmlwin.py", line 893, in init_page
    self.init_form()

  File "<string>", line 6, in init_form

AttributeError: 'SchHtmlWindow' object has no attribute 'WEB'


[2015-04-12 11:16:10] Traceback (most recent call last):

  File "C:/prj/pytigon/schappdata\schplugins\standard\webview\basebrowser.py", line 93, in on_check_can_go_back
    test =  self.can_go_back()

  File "C:/prj/pytigon/schappdata\schplugins\standard\webview\cef\__init__.py", line 295, in can_go_back
    return self.CanGoBack()

AttributeError: 'Html2' object has no attribute 'CanGoBack'


[2015-04-12 11:26:22] Traceback (most recent call last):

  File "C:\prj\pytigon\schcli\guiframe\appframe.py", line 856, in on_command
    win = wx.GetApp().GetTopWindow().new_main_page("^standard/webview/widget_web.html", "Empty page")

  File "C:\prj\pytigon\schcli\guiframe\appframe.py", line 654, in new_main_page
    return okno.new_child_page(address_or_parser, None, parametry)

  File "C:\prj\pytigon\schcli\guiframe\appnotebookpage.py", line 320, in new_child_page
    h.init_frame()

  File "C:\prj\pytigon\schcli\guiframe\htmlsash.py", line 344, in init_frame
    self.Body.init_page()

  File "C:\prj\pytigon\schcli\guiframe\htmlwin.py", line 893, in init_page
    self.init_form()

  File "<string>", line 6, in init_form

AttributeError: 'SchHtmlWindow' object has no attribute 'WEB'


[2015-04-12 11:43:09] Traceback (most recent call last):

  File "C:/prj/pytigon/schappdata\schplugins\standard\webview\cef\cefcontrol.py", line 97, in OnCharHook
    event2 = wx.KeyEvent(wx.EVT_CHAR)

TypeError: KeyEvent(): arguments did not match any overloaded call:
  overload 1: argument 1 has unexpected type 'PyEventBinder'
  overload 2: argument 1 has unexpected type 'PyEventBinder'


[2015-04-12 11:48:03] Traceback (most recent call last):

  File "C:/prj/pytigon/schappdata\schplugins\standard\webview\cef\cefcontrol.py", line 101, in OnCharHook
    event2.m_keyCode = event.m_keyCode

AttributeError: 'KeyEvent' object has no attribute 'm_keyCode'


[2015-04-12 11:48:41] Traceback (most recent call last):

  File "C:/prj/pytigon/schappdata\schplugins\standard\webview\cef\cefcontrol.py", line 103, in OnCharHook
    event2.m_rawCode = event.m_rawCode

AttributeError: 'KeyEvent' object has no attribute 'm_rawCode'


[2015-04-12 11:49:21] Traceback (most recent call last):

  File "C:/prj/pytigon/schappdata\schplugins\standard\webview\cef\cefcontrol.py", line 104, in OnCharHook
    event2.m_rawFlags = event.m_rawFlags

AttributeError: 'KeyEvent' object has no attribute 'm_rawFlags'


[2015-04-12 11:49:43] Traceback (most recent call last):

  File "C:/prj/pytigon/schappdata\schplugins\standard\webview\cef\cefcontrol.py", line 105, in OnCharHook
    event2.m_scanCode = event.m_scanCode

AttributeError: 'KeyEvent' object has no attribute 'm_scanCode'


[2015-04-12 11:50:07] Traceback (most recent call last):

  File "C:/prj/pytigon/schappdata\schplugins\standard\webview\cef\cefcontrol.py", line 107, in OnCharHook
    event2.m_x = event.m_x

AttributeError: 'KeyEvent' object has no attribute 'm_x'


[2015-04-12 11:58:30] Traceback (most recent call last):

RuntimeError: maximum recursion depth exceeded while calling a Python object


[2015-04-12 11:59:52] Traceback (most recent call last):

  File "C:/prj/pytigon/schappdata\schplugins\standard\webview\cef\cefcontrol.py", line 97, in OnCharHook
    print("ON_CHAR_HOOK_START:")

RuntimeError: maximum recursion depth exceeded while calling a Python object


[2015-04-12 12:22:35] Traceback (most recent call last):

  File "C:/prj/pytigon/schappdata\schplugins\standard\webview\cef\cefcontrol.py", line 97, in OnCharHook
    self.browser.SendKeyEvent(cefpython.KEYTYPE_CHAR, (ord('a'),0,0), 0)

AttributeError: module 'cefpython.cefpython_py35' has no attribute 'KEYTYPE_CHAR'


[2015-04-12 12:29:49] Traceback (most recent call last):

  File "C:/prj/pytigon/schappdata\schplugins\standard\webview\cef\cefcontrol.py", line 97, in OnCharHook
    self.browser.SendKeyEvent(cefpython.KEYEVENT_CHAR, (ord('a'),0,0), 0)

TypeError: SendKeyEvent() takes exactly one argument (3 given)


[2015-04-12 12:31:21] Traceback (most recent call last):

  File "C:/prj/pytigon/schappdata\schplugins\standard\webview\cef\cefcontrol.py", line 97, in OnCharHook
    self.browser.SendKeyEvent({ 'type': cefpython.KEYEVENT_CHAR, 'windows_key_code': event.GetCode()})

AttributeError: 'KeyEvent' object has no attribute 'GetCode'


[2015-04-12 17:24:46] Traceback (most recent call last):

  File "C:\prj\pytigon\schcli\guiframe\appframe.py", line 856, in on_command
    win = wx.GetApp().GetTopWindow().new_main_page("^standard/webview/widget_web.html", "Empty page")

  File "C:\prj\pytigon\schcli\guiframe\appframe.py", line 654, in new_main_page
    return okno.new_child_page(address_or_parser, None, parametry)

  File "C:\prj\pytigon\schcli\guiframe\appnotebookpage.py", line 320, in new_child_page
    h.init_frame()

  File "C:\prj\pytigon\schcli\guiframe\htmlsash.py", line 344, in init_frame
    self.Body.init_page()

  File "C:\prj\pytigon\schcli\guiframe\htmlwin.py", line 893, in init_page
    self.init_form()

  File "<string>", line 6, in init_form

AttributeError: 'SchHtmlWindow' object has no attribute 'WEB'


[2015-04-12 17:26:03] Traceback (most recent call last):

  File "C:\prj\pytigon\schcli\guiframe\appframe.py", line 856, in on_command
    win = wx.GetApp().GetTopWindow().new_main_page("^standard/webview/widget_web.html", "Empty page")

  File "C:\prj\pytigon\schcli\guiframe\appframe.py", line 654, in new_main_page
    return okno.new_child_page(address_or_parser, None, parametry)

  File "C:\prj\pytigon\schcli\guiframe\appnotebookpage.py", line 320, in new_child_page
    h.init_frame()

  File "C:\prj\pytigon\schcli\guiframe\htmlsash.py", line 344, in init_frame
    self.Body.init_page()

  File "C:\prj\pytigon\schcli\guiframe\htmlwin.py", line 893, in init_page
    self.init_form()

  File "<string>", line 6, in init_form

AttributeError: 'SchHtmlWindow' object has no attribute 'WEB'


[2015-04-12 18:07:22] Traceback (most recent call last):

  File "C:\Program Files\Python 3.5\lib\code.py", line 91, in runcode
    exec(code, self.locals)

  File "<input>", line 1, in <module>

AttributeError: 'Html2' object has no attribute 'GetHWND'


[2015-04-12 18:58:52] Traceback (most recent call last):

  File "C:\prj\pytigon\schcli\guiframe\appframe.py", line 856, in on_command
    win = wx.GetApp().GetTopWindow().new_main_page("^standard/webview/widget_web.html", "Empty page")

  File "C:\prj\pytigon\schcli\guiframe\appframe.py", line 654, in new_main_page
    return okno.new_child_page(address_or_parser, None, parametry)

  File "C:\prj\pytigon\schcli\guiframe\appnotebookpage.py", line 320, in new_child_page
    h.init_frame()

  File "C:\prj\pytigon\schcli\guiframe\htmlsash.py", line 344, in init_frame
    self.Body.init_page()

  File "C:\prj\pytigon\schcli\guiframe\htmlwin.py", line 893, in init_page
    self.init_form()

  File "<string>", line 6, in init_form

AttributeError: 'SchHtmlWindow' object has no attribute 'WEB'


[2015-04-13 19:59:31] Traceback (most recent call last):

  File "etup\keyboard_handler_cef3.pyx", line 82, in cefpython_py35.KeyboardHandler_OnKeyEvent (cefpython.cpp:48483)

  File "C:/prj/pytigon/schappdata\schplugins\standard\webview\cef\__init__.py", line 188, in OnKeyEvent
    self.htmlwin.browser.HackSendKeyEvent(event)

AttributeError: 'cefpython_py35.PyBrowser' object has no attribute 'HackSendKeyEvent'


[2015-04-14 19:11:29] Traceback (most recent call last):

  File "C:/prj/pytigon/schappdata\schplugins\standard\webview\cef\cefcontrol.py", line 117, in OnCharHook
    print(event.GetKeyCode(), ord(event.GetKeyCode()), event.GetRawKeyFlags(), event.GetUnicodeKey())

TypeError: ord() expected string of length 1, but int found


[2015-04-14 20:18:57] Traceback (most recent call last):

  File "C:/prj/pytigon/schappdata\schplugins\standard\webview\cef\cefcontrol.py", line 124, in OnCharHook
    print(wx.IsCtrlDown(), wx.IsShiftDown(), wx.IsAltDown(), wx.GetKeyState(wx.WXK_CAPITAL))

AttributeError: module 'wx' has no attribute 'IsCtrlDown'


[2015-04-14 21:38:27] Traceback (most recent call last):

  File "C:\prj\pytigon\schcli\guiframe\appframe.py", line 864, in on_command
    win.Body.new_child_page("^standard/webview/gotopanel.html", title="Go")

AttributeError: 'NoneType' object has no attribute 'Body'


[2015-04-14 21:39:22] Traceback (most recent call last):

  File "C:/prj/pytigon/ext_lib_cli_win\agw\aui\auibook.py", line 2023, in OnLeftUp
    self.ReleaseMouse()

wx._core.wxAssertionError: C++ assertion "!wxMouseCapture::stack.empty()" failed at ..\..\src\common\wincmn.cpp(3319) in wxWindowBase::ReleaseMouse(): Releasing mouse capture but capture stack empty?


[2015-04-15 16:55:14] Traceback (most recent call last):

  File "C:\prj\pytigon\schcli\guiframe\appframe.py", line 863, in on_command
    win = wx.GetApp().GetTopWindow().new_main_page("^standard/webview/widget_web.html", "Empty page")

  File "C:\prj\pytigon\schcli\guiframe\appframe.py", line 661, in new_main_page
    return okno.new_child_page(address_or_parser, None, parametry)

  File "C:\prj\pytigon\schcli\guiframe\appnotebookpage.py", line 322, in new_child_page
    h.init_frame()

  File "C:\prj\pytigon\schcli\guiframe\htmlsash.py", line 352, in init_frame
    self.Body.init_page()

AttributeError: 'NoneType' object has no attribute 'init_page'


[2015-04-15 16:55:40] Traceback (most recent call last):

  File "C:\prj\pytigon\schcli\guiframe\appframe.py", line 863, in on_command
    win = wx.GetApp().GetTopWindow().new_main_page("^standard/webview/widget_web.html", "Empty page")

  File "C:\prj\pytigon\schcli\guiframe\appframe.py", line 661, in new_main_page
    return okno.new_child_page(address_or_parser, None, parametry)

  File "C:\prj\pytigon\schcli\guiframe\appnotebookpage.py", line 323, in new_child_page
    h.activate_page()

  File "C:\prj\pytigon\schcli\guiframe\htmlsash.py", line 747, in activate_page
    self.Body.SetFocus()

AttributeError: 'NoneType' object has no attribute 'SetFocus'


[2015-04-15 16:56:34] Traceback (most recent call last):

  File "C:\prj\pytigon\schcli\guiframe\appframe.py", line 863, in on_command
    win = wx.GetApp().GetTopWindow().new_main_page("^standard/webview/widget_web.html", "Empty page")

  File "C:\prj\pytigon\schcli\guiframe\appframe.py", line 661, in new_main_page
    return okno.new_child_page(address_or_parser, None, parametry)

  File "C:\prj\pytigon\schcli\guiframe\appnotebookpage.py", line 307, in new_child_page
    h = htmlsash.SchSashWindow(self, address_or_parser, parametry)

  File "C:\prj\pytigon\schcli\guiframe\htmlsash.py", line 138, in __init__
    slef.Body.SetSize(10,10)

NameError: name 'slef' is not defined


[2015-04-15 17:00:44] Traceback (most recent call last):

  File "C:/prj/pytigon/ext_lib\django\template\defaulttags.py", line 1152, in load
    lib = get_library(taglib)

  File "C:/prj/pytigon/ext_lib\django\template\base.py", line 1463, in get_library
    ','.join(tried_modules)))

django.template.base.InvalidTemplateLibrary: Template library mptt_tags not found, tried django.templatetags.mptt_tags,bootstrap_admin.templatetags.mptt_tags,django.contrib.admin.templatetags.mptt_tags,schserw.schsys.templatetags.mptt_tags,django.contrib.staticfiles.templatetags.mptt_tags,crispy_forms.templatetags.mptt_tags


During handling of the above exception, another exception occurred:


Traceback (most recent call last):

  File "C:\prj\pytigon\schcli\guiframe\appframe.py", line 845, in on_command
    return self._on_html(cmd[2])

  File "C:\prj\pytigon\schcli\guiframe\appframe.py", line 828, in _on_html
    self.new_main_page(l[1], l[0], parm, panel)

  File "C:\prj\pytigon\schcli\guiframe\appframe.py", line 661, in new_main_page
    return okno.new_child_page(address_or_parser, None, parametry)

  File "C:\prj\pytigon\schcli\guiframe\appnotebookpage.py", line 307, in new_child_page
    h = htmlsash.SchSashWindow(self, address_or_parser, parametry)

  File "C:\prj\pytigon\schcli\guiframe\htmlsash.py", line 78, in __init__
    mp = self._read_html(address_or_parser, parameters)

  File "C:\prj\pytigon\schcli\guiframe\htmlsash.py", line 266, in _read_html
    mp, adr = wx.GetApp().read_html(self, address_or_parser, parameters)

  File "C:/prj/pytigon/pytigon.py", line 319, in read_html
    (err, url) = http.get(win, adr)

  File "C:\prj\pytigon\schlib\schhttptools\httpclient.py", line 386, in get
    ret = HttpClient.get(self, parent, address_str, parm, nullpost, user_agent, upload, credentials=credentials)

  File "C:\prj\pytigon\schlib\schhttptools\httpclient.py", line 266, in get
    (resp, self.contents) = self.http.request(str(adr), "GET", headers=headers)

  File "C:/prj/pytigon/ext_lib\httplib2\__init__.py", line 1273, in request
    (response, content) = self._request(conn, authority, uri, request_uri, method, body, headers, redirections, cachekey)

  File "C:/prj/pytigon/ext_lib\httplib2\__init__.py", line 1027, in _request
    (response, content) = self._conn_request(conn, request_uri, method, body, headers)

  File "C:/prj/pytigon/ext_lib\httplib2\__init__.py", line 993, in _conn_request
    response = conn.getresponse()

  File "C:\Program Files\Python 3.5\lib\http\client.py", line 1112, in getresponse
    response = self.response_class(self.sock, method=self._method)

  File "C:\Program Files\Python 3.5\lib\http\client.py", line 184, in __init__
    self.fp = sock.makefile("rb")

  File "C:/prj/pytigon/ext_lib_cli_win\wsgi_intercept\__init__.py", line 364, in makefile
    app_result = self.app(environ, start_response)

  File "C:/prj/pytigon/ext_lib\django\core\handlers\wsgi.py", line 177, in __call__
    response = self.get_response(request)

  File "C:/prj/pytigon/ext_lib\django\core\handlers\base.py", line 163, in get_response
    response = response.render()

  File "C:/prj/pytigon/ext_lib\django\template\response.py", line 158, in render
    self.content = self.rendered_content

  File "C:/prj/pytigon/ext_lib\django\template\response.py", line 135, in rendered_content
    content = template.render(context, self._request)

  File "C:/prj/pytigon/ext_lib\django\template\backends\django.py", line 74, in render
    return self.template.render(context)

  File "C:/prj/pytigon/ext_lib\django\template\base.py", line 218, in render
    return self._render(context)

  File "C:/prj/pytigon/ext_lib\django\template\base.py", line 209, in _render
    return self.nodelist.render(context)

  File "C:/prj/pytigon/ext_lib\django\template\base.py", line 995, in render
    bit = node.render_annotated(context)

  File "C:/prj/pytigon/ext_lib\django\template\base.py", line 962, in render_annotated
    return self.render(context)

  File "C:/prj/pytigon/ext_lib\django\template\loader_tags.py", line 113, in render
    compiled_parent = self.get_parent(context)

  File "C:/prj/pytigon/ext_lib\django\template\loader_tags.py", line 110, in get_parent
    return context.template.engine.get_template(parent)

  File "C:/prj/pytigon/ext_lib\django\template\engine.py", line 156, in get_template
    template, origin = self.find_template(template_name, dirs)

  File "C:/prj/pytigon/ext_lib\django\template\engine.py", line 130, in find_template
    source, display_name = loader(name, dirs)

  File "C:/prj/pytigon/ext_lib\django\template\loaders\base.py", line 12, in __call__
    return self.load_template(template_name, template_dirs)

  File "C:/prj/pytigon/ext_lib\django\template\loaders\base.py", line 22, in load_template
    template = Template(source, origin, template_name, self.engine)

  File "C:/prj/pytigon/ext_lib\django\template\base.py", line 201, in __init__
    self.nodelist = self.compile_nodelist()

  File "C:/prj/pytigon/ext_lib\django\template\base.py", line 240, in compile_nodelist
    return parser.parse()

  File "C:/prj/pytigon/ext_lib\django\template\base.py", line 517, in parse
    raise self.error(token, e)

  File "C:/prj/pytigon/ext_lib\django\template\base.py", line 515, in parse
    compiled_result = compile_func(self, token)

  File "C:/prj/pytigon/ext_lib\django\template\loader_tags.py", line 210, in do_extends
    nodelist = parser.parse()

  File "C:/prj/pytigon/ext_lib\django\template\base.py", line 517, in parse
    raise self.error(token, e)

  File "C:/prj/pytigon/ext_lib\django\template\base.py", line 515, in parse
    compiled_result = compile_func(self, token)

  File "C:/prj/pytigon/ext_lib\django\template\defaulttags.py", line 1156, in load
    (taglib, e))

django.template.base.TemplateSyntaxError: 'mptt_tags' is not a valid tag library: Template library mptt_tags not found, tried django.templatetags.mptt_tags,bootstrap_admin.templatetags.mptt_tags,django.contrib.admin.templatetags.mptt_tags,schserw.schsys.templatetags.mptt_tags,django.contrib.staticfiles.templatetags.mptt_tags,crispy_forms.templatetags.mptt_tags


[2015-04-15 22:19:27] Traceback (most recent call last):

  File "etup\request_handler_cef3.pyx", line 84, in cefpython_py35.RequestHandler_OnBeforeResourceLoad (cefpython.cpp:53966)

  File "C:/prj/pytigon/schappdata\schplugins\standard\webview\cef\__init__.py", line 169, in OnBeforeResourceLoad
    request.SetPostData(postData)

  File "etup\request_cef3.pyx", line 113, in cefpython_py35.PyRequest.SetPostData (cefpython.cpp:51218)

  File "etup\request_cef3.pyx", line 138, in cefpython_py35.PyRequest.SetPostData (cefpython.cpp:51074)

AttributeError: module 'urllib' has no attribute 'urlencode'


[2015-04-15 22:23:48] Traceback (most recent call last):

  File "etup\request_handler_cef3.pyx", line 84, in cefpython_py35.RequestHandler_OnBeforeResourceLoad (cefpython.cpp:53966)

  File "C:/prj/pytigon/schappdata\schplugins\standard\webview\cef\__init__.py", line 169, in OnBeforeResourceLoad
    request.SetPostData(postData)

  File "etup\request_cef3.pyx", line 113, in cefpython_py35.PyRequest.SetPostData (cefpython.cpp:51218)

  File "etup\request_cef3.pyx", line 138, in cefpython_py35.PyRequest.SetPostData (cefpython.cpp:51074)

AttributeError: module 'urllib' has no attribute 'urlencode'


[2015-04-17 20:32:44] Traceback (most recent call last):

  File "C:/prj/pytigon/schappdata\schplugins\standard\webview\cef\__init__.py", line 238, in on_destroy
    del self.clientHandler.mainBrowser

AttributeError: 'Html2' object has no attribute 'clientHandler'


[2015-04-17 20:36:23] Traceback (most recent call last):

  File "C:/prj/pytigon/schappdata\schplugins\standard\webview\cef\__init__.py", line 237, in on_destroy
    self.browser.ParentWindowWillClose()

AttributeError: 'cefpython_py35.PyBrowser' object has no attribute 'ParentWindowWillClose'


[2015-04-17 20:45:11] Traceback (most recent call last):

  File "C:/prj/pytigon/schappdata\schplugins\standard\webview\cef\__init__.py", line 238, in on_destroy
    self.browser.GetCefBrowserHost().get().ParentWindowWillClose()

AttributeError: 'cefpython_py35.PyBrowser' object has no attribute 'GetCefBrowserHost'


[2015-04-17 23:03:10] Traceback (most recent call last):

  File "C:/prj/pytigon/schappdata\schplugins\standard\webview\cef\__init__.py", line 238, in on_destroy
    self.browser.GetCefBrowserHost().get().ParentWindowWillClose()

AttributeError: 'cefpython_py35.PyBrowser' object has no attribute 'GetCefBrowserHost'


[2015-04-18 12:08:03] Traceback (most recent call last):

  File "C:/prj/pytigon/schappdata\schplugins\standard\webview\cef\__init__.py", line 239, in on_destroy
    self.browser.GetCefBrowserHost().get().CloseBrowser(True)

AttributeError: 'cefpython_py35.PyBrowser' object has no attribute 'GetCefBrowserHost'


[2015-04-18 12:10:05] Traceback (most recent call last):

  File "C:/prj/pytigon/schappdata\schplugins\standard\webview\cef\__init__.py", line 239, in on_destroy
    self.browser.GetCefBrowserHost().get().CloseBrowser(True)

AttributeError: 'cefpython_py35.PyBrowser' object has no attribute 'GetCefBrowserHost'


[2015-04-18 15:48:03] Traceback (most recent call last):

  File "C:\prj\pytigon\schcli\guiframe\appframe.py", line 863, in on_command
    win = wx.GetApp().GetTopWindow().new_main_page("^standard/webview/widget_web.html", "Empty page")

  File "C:\prj\pytigon\schcli\guiframe\appframe.py", line 661, in new_main_page
    return okno.new_child_page(address_or_parser, None, parametry)

  File "C:\prj\pytigon\schcli\guiframe\appnotebookpage.py", line 329, in new_child_page
    h.init_frame()

  File "C:\prj\pytigon\schcli\guiframe\htmlsash.py", line 354, in init_frame
    self.Body.init_page()

  File "C:\prj\pytigon\schcli\guiframe\htmlwin.py", line 905, in init_page
    self.init_form()

  File "<string>", line 6, in init_form

AttributeError: 'SchHtmlWindow' object has no attribute 'WEB'


[2015-04-18 17:46:33] Traceback (most recent call last):

  File "C:/prj/pytigon/schappdata\schplugins\standard\webview\cef\__init__.py", line 243, in on_destroy
    while self.browser.IsLoading():

AttributeError: 'cefpython_py35.PyBrowser' object has no attribute 'IsLoading'


[2015-04-18 17:56:34] Traceback (most recent call last):

  File "C:/prj/pytigon/ext_lib_cli_win\agw\aui\auibook.py", line 2023, in OnLeftUp
    self.ReleaseMouse()

wx._core.wxAssertionError: C++ assertion "!wxMouseCapture::stack.empty()" failed at ..\..\src\common\wincmn.cpp(3319) in wxWindowBase::ReleaseMouse(): Releasing mouse capture but capture stack empty?


[2015-04-18 18:07:59] Traceback (most recent call last):

  File "C:/prj/pytigon/ext_lib_cli_win\wx\core.py", line 1955, in Notify
    self.notify()

  File "C:/prj/pytigon/ext_lib_cli_win\wx\core.py", line 3032, in Notify
    self.result = self.callable(*self.args, **self.kwargs)

  File "C:/prj/pytigon/ext_lib_cli_win\agw\aui\auibook.py", line 2374, in ShowTooltip
    wnd = self.GetPointedToTab()

  File "C:/prj/pytigon/ext_lib_cli_win\agw\aui\auibook.py", line 2332, in GetPointedToTab
    client_pt = self.ScreenToClient(screen_pt)

RuntimeError: wrapped C/C++ object of type AuiTabCtrl has been deleted


[2017-03-18 23:55:43] Traceback (most recent call last):

  File "/home/sch/prj/pytigon/schcli/../schappdata/schplugins/standard/webview/cef/cefcontrol.py", line 106, in OnSize
    cef.WindowUtils.OnSize(self.GetHandle(), 0, 0, 0)

AttributeError: type object 'WindowUtils' has no attribute 'OnSize'


[2017-03-19 00:22:02] Traceback (most recent call last):

  File "/usr/lib/python3.5/code.py", line 91, in runcode
    exec(code, self.locals)

  File "<input>", line 1, in <module>

TypeError: 'cefpython_py35.PyBrowser' object is not callable


[2017-03-19 00:22:14] Traceback (most recent call last):

  File "/usr/lib/python3.5/code.py", line 64, in runsource
    code = self.compile(source, filename, symbol)

  File "/usr/lib/python3.5/codeop.py", line 168, in __call__
    return _maybe_compile(self.compiler, source, filename, symbol)

  File "/usr/lib/python3.5/codeop.py", line 99, in _maybe_compile
    raise err1

  File "/usr/lib/python3.5/codeop.py", line 87, in _maybe_compile
    code1 = compiler(source + "\n", filename, symbol)

  File "/usr/lib/python3.5/codeop.py", line 133, in __call__
    codeob = compile(source, filename, symbol, self.flags, 1)

  File "<input>", line 1

    obj.browser()

                ^

SyntaxError: multiple statements found while compiling a single statement


[2017-03-19 00:22:15] Traceback (most recent call last):

  File "/usr/lib/python3.5/code.py", line 64, in runsource
    code = self.compile(source, filename, symbol)

  File "/usr/lib/python3.5/codeop.py", line 168, in __call__
    return _maybe_compile(self.compiler, source, filename, symbol)

  File "/usr/lib/python3.5/codeop.py", line 99, in _maybe_compile
    raise err1

  File "/usr/lib/python3.5/codeop.py", line 87, in _maybe_compile
    code1 = compiler(source + "\n", filename, symbol)

  File "/usr/lib/python3.5/codeop.py", line 133, in __call__
    codeob = compile(source, filename, symbol, self.flags, 1)

  File "<input>", line 1

    obj.browser()

                ^

SyntaxError: multiple statements found while compiling a single statement


[2017-03-19 00:22:17] Traceback (most recent call last):

  File "/usr/lib/python3.5/code.py", line 64, in runsource
    code = self.compile(source, filename, symbol)

  File "/usr/lib/python3.5/codeop.py", line 168, in __call__
    return _maybe_compile(self.compiler, source, filename, symbol)

  File "/usr/lib/python3.5/codeop.py", line 99, in _maybe_compile
    raise err1

  File "/usr/lib/python3.5/codeop.py", line 87, in _maybe_compile
    code1 = compiler(source + "\n", filename, symbol)

  File "/usr/lib/python3.5/codeop.py", line 133, in __call__
    codeob = compile(source, filename, symbol, self.flags, 1)

  File "<input>", line 1

    obj.browser()

                ^

SyntaxError: multiple statements found while compiling a single statement


[2017-03-19 00:22:19] Traceback (most recent call last):

  File "/usr/lib/python3.5/code.py", line 64, in runsource
    code = self.compile(source, filename, symbol)

  File "/usr/lib/python3.5/codeop.py", line 168, in __call__
    return _maybe_compile(self.compiler, source, filename, symbol)

  File "/usr/lib/python3.5/codeop.py", line 99, in _maybe_compile
    raise err1

  File "/usr/lib/python3.5/codeop.py", line 87, in _maybe_compile
    code1 = compiler(source + "\n", filename, symbol)

  File "/usr/lib/python3.5/codeop.py", line 133, in __call__
    codeob = compile(source, filename, symbol, self.flags, 1)

  File "<input>", line 1

    obj.browser()

                ^

SyntaxError: multiple statements found while compiling a single statement


[2017-03-19 00:22:20] Traceback (most recent call last):

  File "/usr/lib/python3.5/code.py", line 64, in runsource
    code = self.compile(source, filename, symbol)

  File "/usr/lib/python3.5/codeop.py", line 168, in __call__
    return _maybe_compile(self.compiler, source, filename, symbol)

  File "/usr/lib/python3.5/codeop.py", line 99, in _maybe_compile
    raise err1

  File "/usr/lib/python3.5/codeop.py", line 87, in _maybe_compile
    code1 = compiler(source + "\n", filename, symbol)

  File "/usr/lib/python3.5/codeop.py", line 133, in __call__
    codeob = compile(source, filename, symbol, self.flags, 1)

  File "<input>", line 1

    obj.browser()

                ^

SyntaxError: multiple statements found while compiling a single statement


[2017-03-19 00:22:21] Traceback (most recent call last):

  File "/usr/lib/python3.5/code.py", line 64, in runsource
    code = self.compile(source, filename, symbol)

  File "/usr/lib/python3.5/codeop.py", line 168, in __call__
    return _maybe_compile(self.compiler, source, filename, symbol)

  File "/usr/lib/python3.5/codeop.py", line 99, in _maybe_compile
    raise err1

  File "/usr/lib/python3.5/codeop.py", line 87, in _maybe_compile
    code1 = compiler(source + "\n", filename, symbol)

  File "/usr/lib/python3.5/codeop.py", line 133, in __call__
    codeob = compile(source, filename, symbol, self.flags, 1)

  File "<input>", line 1

    obj.browser()

                ^

SyntaxError: multiple statements found while compiling a single statement


[2017-03-19 00:22:21] Traceback (most recent call last):

  File "/usr/lib/python3.5/code.py", line 64, in runsource
    code = self.compile(source, filename, symbol)

  File "/usr/lib/python3.5/codeop.py", line 168, in __call__
    return _maybe_compile(self.compiler, source, filename, symbol)

  File "/usr/lib/python3.5/codeop.py", line 99, in _maybe_compile
    raise err1

  File "/usr/lib/python3.5/codeop.py", line 87, in _maybe_compile
    code1 = compiler(source + "\n", filename, symbol)

  File "/usr/lib/python3.5/codeop.py", line 133, in __call__
    codeob = compile(source, filename, symbol, self.flags, 1)

  File "<input>", line 1

    obj.browser()

                ^

SyntaxError: multiple statements found while compiling a single statement


[2017-03-19 00:22:21] Traceback (most recent call last):

  File "/usr/lib/python3.5/code.py", line 64, in runsource
    code = self.compile(source, filename, symbol)

  File "/usr/lib/python3.5/codeop.py", line 168, in __call__
    return _maybe_compile(self.compiler, source, filename, symbol)

  File "/usr/lib/python3.5/codeop.py", line 99, in _maybe_compile
    raise err1

  File "/usr/lib/python3.5/codeop.py", line 87, in _maybe_compile
    code1 = compiler(source + "\n", filename, symbol)

  File "/usr/lib/python3.5/codeop.py", line 133, in __call__
    codeob = compile(source, filename, symbol, self.flags, 1)

  File "<input>", line 1

    obj.browser()

                ^

SyntaxError: multiple statements found while compiling a single statement


[2017-03-19 00:38:22] Traceback (most recent call last):

  File "/home/sch/prj/pytigon/schcli/../schappdata/schplugins/standard/webview/cef/cefcontrol.py", line 113, in OnSize
    elif LINUX:

NameError: name 'LINUX' is not defined


[2017-03-19 09:44:53] Traceback (most recent call last):

  File "/home/sch/prj/pytigon/pytigon.py", line 24, in <module>
    main(sys.argv[1:])

  File "/home/sch/prj/pytigon/schcli/pytigon.py", line 915, in main
    _main_run()

  File "/home/sch/prj/pytigon/schcli/pytigon.py", line 822, in _main_run
    wx.Size(800, 700),

  File "/home/sch/prj/pytigon/schcli/guiframe/browserframe.py", line 56, in __init__
    self.ctrl = schcli.guictrl.ctrl.HTML2(self, name='schbrowser', size=(400, 300))

  File "/home/sch/prj/pytigon/schcli/../schappdata/schplugins/standard/webview/cef/__init__.py", line 345, in __init__
    CEFControl.__init__(self, parent, **kwds)

  File "/home/sch/prj/pytigon/schcli/../schappdata/schplugins/standard/webview/cef/cefcontrol.py", line 100, in __init__
    self.embed_browser()

  File "/home/sch/prj/pytigon/schcli/../schappdata/schplugins/standard/webview/cef/cefcontrol.py", line 104, in embed_browser
    (width, height) = self.browser_panel.GetClientSize()

AttributeError: 'Html2' object has no attribute 'browser_panel'


[2017-03-19 09:45:21] Traceback (most recent call last):

  File "/home/sch/prj/pytigon/pytigon.py", line 24, in <module>
    main(sys.argv[1:])

  File "/home/sch/prj/pytigon/schcli/pytigon.py", line 915, in main
    _main_run()

  File "/home/sch/prj/pytigon/schcli/pytigon.py", line 822, in _main_run
    wx.Size(800, 700),

  File "/home/sch/prj/pytigon/schcli/guiframe/browserframe.py", line 56, in __init__
    self.ctrl = schcli.guictrl.ctrl.HTML2(self, name='schbrowser', size=(400, 300))

  File "/home/sch/prj/pytigon/schcli/../schappdata/schplugins/standard/webview/cef/__init__.py", line 345, in __init__
    CEFControl.__init__(self, parent, **kwds)

  File "/home/sch/prj/pytigon/schcli/../schappdata/schplugins/standard/webview/cef/cefcontrol.py", line 100, in __init__
    self.embed_browser()

  File "/home/sch/prj/pytigon/schcli/../schappdata/schplugins/standard/webview/cef/cefcontrol.py", line 105, in embed_browser
    window_info.SetAsChild(self.browser_panel.GetHandle(), [0, 0, width, height])

AttributeError: 'Html2' object has no attribute 'browser_panel'


[2017-03-19 09:49:36] Traceback (most recent call last):

  File "/home/sch/prj/pytigon/pytigon.py", line 24, in <module>
    main(sys.argv[1:])

  File "/home/sch/prj/pytigon/schcli/pytigon.py", line 915, in main
    _main_run()

  File "/home/sch/prj/pytigon/schcli/pytigon.py", line 822, in _main_run
    wx.Size(800, 700),

  File "/home/sch/prj/pytigon/schcli/guiframe/browserframe.py", line 56, in __init__
    self.ctrl = schcli.guictrl.ctrl.HTML2(self, name='schbrowser', size=(400, 300))

  File "/home/sch/prj/pytigon/schcli/../schappdata/schplugins/standard/webview/cef/__init__.py", line 348, in __init__
    self.browser.SetClientHandler(self.client_handler)

AttributeError: 'Html2' object has no attribute 'browser'


[2017-03-19 09:49:49] Traceback (most recent call last):

  File "/home/sch/prj/pytigon/pytigon.py", line 24, in <module>
    main(sys.argv[1:])

  File "/home/sch/prj/pytigon/schcli/pytigon.py", line 915, in main
    _main_run()

  File "/home/sch/prj/pytigon/schcli/pytigon.py", line 822, in _main_run
    wx.Size(800, 700),

  File "/home/sch/prj/pytigon/schcli/guiframe/browserframe.py", line 56, in __init__
    self.ctrl = schcli.guictrl.ctrl.HTML2(self, name='schbrowser', size=(400, 300))

  File "/home/sch/prj/pytigon/schcli/../schappdata/schplugins/standard/webview/cef/__init__.py", line 348, in __init__
    self.browser.SetClientHandler(self.client_handler)

AttributeError: 'Html2' object has no attribute 'browser'


[2017-03-19 09:49:55] Traceback (most recent call last):

  File "/home/sch/prj/pytigon/pytigon.py", line 24, in <module>
    main(sys.argv[1:])

  File "/home/sch/prj/pytigon/schcli/pytigon.py", line 915, in main
    _main_run()

  File "/home/sch/prj/pytigon/schcli/pytigon.py", line 822, in _main_run
    wx.Size(800, 700),

  File "/home/sch/prj/pytigon/schcli/guiframe/browserframe.py", line 56, in __init__
    self.ctrl = schcli.guictrl.ctrl.HTML2(self, name='schbrowser', size=(400, 300))

  File "/home/sch/prj/pytigon/schcli/../schappdata/schplugins/standard/webview/cef/__init__.py", line 348, in __init__
    self.browser.SetClientHandler(self.client_handler)

AttributeError: 'Html2' object has no attribute 'browser'


[2017-03-19 10:01:15] Traceback (most recent call last):

  File "/home/sch/prj/pytigon/schcli/../ext_lib_cli_lin/wx/core.py", line 2968, in <lambda>
    lambda event: event.callable(*event.args, **event.kw) )

  File "/home/sch/prj/pytigon/schcli/guiframe/browserframe.py", line 66, in init_browser
    self.ctrl.load_url(app.base_address+"/")

NameError: name 'app' is not defined


[2017-03-19 10:05:21] Traceback (most recent call last):

  File "/home/sch/prj/pytigon/schcli/guiframe/browserframe.py", line 67, in on_created
    self.ctrl = schcli.guictrl.ctrl.HTML2(self, name='schbrowser', size=(400, 300))

RecursionError: maximum recursion depth exceeded in comparison


[2017-03-19 10:06:19] Traceback (most recent call last):

  File "/home/sch/prj/pytigon/schcli/guiframe/browserframe.py", line 68, in on_created
    self.ctrl = schcli.guictrl.ctrl.HTML2(self, name='schbrowser', size=(400, 300))

RecursionError: maximum recursion depth exceeded in comparison


[2017-03-19 11:11:53] Traceback (most recent call last):

  File "/home/sch/prj/pytigon/schcli/../schappdata/schplugins/standard/webview/cef/__init__.py", line 390, in on_close
    wx.Yield()

wx._core.wxAssertionError: C++ assertion "Assert failure" failed at /home/sch/prj/src/wxPython_Phoenix-3.0.3.dev2864+4fc5f9e/ext/wxWidgets/src/common/evtloopcmn.cpp(110) in Yield(): wxYield called recursively


[2017-03-19 11:44:09] Traceback (most recent call last):

  File "/home/sch/prj/pytigon/schcli/guiframe/appframe.py", line 878, in on_command
    win.body.new_child_page("^standard/webview/gotopanel.html", title="Go")

AttributeError: 'bool' object has no attribute 'body'

